---
source: rust-debuginfo/tests/mod.rs
expression: location
snapshot_kind: text
---
ResolvedLocation {
    function: "large::TestStruct0::method_0",
    file: "/Users/sam/work/rust_debuginfo/rust-debuginfo/bin/test_binaries/large.rs",
    line: 20,
}
