---
source: rudy-db/tests/static_tests.rs
expression: u8_enum_typedef
snapshot_kind: text
---
TypeDefinition {
    layout: CEnum(
        CEnumLayout {
            name: "U8Enum",
            discriminant_type: UnsignedInt(
                UnsignedIntLayout {
                    size: 1,
                },
            ),
            variants: [
                CEnumVariant {
                    name: "First",
                    value: 0,
                },
                CEnumVariant {
                    name: "Second",
                    value: 1,
                },
                CEnumVariant {
                    name: "Third",
                    value: 2,
                },
                CEnumVariant {
                    name: "Fifth",
                    value: 5,
                },
            ],
            size: 1,
        },
    ),
    location: Die [CARGO_WORKSPACE_DIR]/test-artifacts/x86_64-apple-darwin/examples/enums-061f6db8dde826a1.9j92jqavkne4829mc4eb81ydc.1lxzu9j.rcgu.o 0x000004f2,
}
