---
source: rudy-db/tests/mod.rs
expression: repr_c_typedef
snapshot_kind: text
---
Enum(
    EnumLayout {
        name: "ReprCEnum",
        discriminant: Discriminant {
            ty: UnsignedInt(
                UnsignedIntLayout {
                    size: 4,
                },
            ),
            offset: 0,
        },
        variants: [
            EnumVariantLayout {
                name: "Unit",
                discriminant: Some(
                    0,
                ),
                layout: Struct(
                    StructLayout {
                        name: "Unit",
                        size: 40,
                        alignment: 8,
                        fields: [],
                    },
                ),
            },
            EnumVariantLayout {
                name: "Tuple",
                discriminant: Some(
                    1,
                ),
                layout: Struct(
                    StructLayout {
                        name: "Tuple",
                        size: 40,
                        alignment: 8,
                        fields: [
                            StructField {
                                name: "__0",
                                offset: 8,
                                ty: Primitive(
                                    UnsignedInt(
                                        UnsignedIntLayout {
                                            size: 4,
                                        },
                                    ),
                                ),
                            },
                            StructField {
                                name: "__1",
                                offset: 16,
                                ty: Std(
                                    String(
                                        StringLayout(
                                            VecLayout {
                                                length_offset: 16,
                                                data_ptr_offset: 8,
                                                inner_type: Primitive(
                                                    UnsignedInt(
                                                        UnsignedIntLayout {
                                                            size: 1,
                                                        },
                                                    ),
                                                ),
                                            },
                                        ),
                                    ),
                                ),
                            },
                        ],
                    },
                ),
            },
            EnumVariantLayout {
                name: "Struct",
                discriminant: Some(
                    2,
                ),
                layout: Struct(
                    StructLayout {
                        name: "Struct",
                        size: 40,
                        alignment: 8,
                        fields: [
                            StructField {
                                name: "x",
                                offset: 8,
                                ty: Primitive(
                                    Float(
                                        FloatLayout {
                                            size: 8,
                                        },
                                    ),
                                ),
                            },
                            StructField {
                                name: "y",
                                offset: 16,
                                ty: Primitive(
                                    Float(
                                        FloatLayout {
                                            size: 8,
                                        },
                                    ),
                                ),
                            },
                        ],
                    },
                ),
            },
        ],
        size: 40,
    },
)
