---
source: rudy-db/tests/mod.rs
expression: "debug_info.resolve_function(\"main\").unwrap().unwrap()"
snapshot_kind: text
---
ResolvedFunction {
    name: "large::main",
    address: "0x1000090ac",
    params: [],
}
