---
source: rudy-db/tests/mod.rs
expression: "debug_info.resolve_function(\"TestStruct1::method_1\").unwrap().unwrap()"
snapshot_kind: text
---
ResolvedFunction {
    name: "small::TestStruct1::method_1",
    address: "0x1000086a8",
    params: [
        Variable {
            name: "self",
            value: None,
            ty: Some(
                Type {
                    name: "&TestStruct1",
                },
            ),
        },
        Variable {
            name: "param",
            value: None,
            ty: Some(
                Type {
                    name: "i32",
                },
            ),
        },
    ],
}
