---
source: rudy-db/tests/static_tests.rs
expression: "resolver.resolve_function(\"main\").unwrap()"
snapshot_kind: text
---
Some(
    ResolvedFunction {
        name: "simple_test::main",
        address: "0x100000950",
        size: "0xa4",
        params: [],
    },
)
