---
source: tests/mod.rs
expression: parsed
snapshot_kind: text
---
DebugInfo {
    debug_files: [
        DebugFile {
            [salsa id]: Id(800),
            file: File {
                [salsa id]: Id(0),
                path: "/Users/sam/work/tardis/target/x86_64-unknown-linux-gnu/debug-test/simple-test",
                member_file: None,
                mtime: SystemTime {
                    tv_sec: 1748701984,
                    tv_nsec: 242039158,
                },
                size: 3705688,
            },
            relocatable: false,
        },
    ],
    index: Index {
        [salsa id]: Id(2400),
        data: IndexData {
            name_to_file: {
                NameId {
                    path: [
                        "std",
                        "rt",
                        "lang_start",
                    ],
                    name: "{closure#0}<()>",
                }: DebugFile {
                    [salsa id]: Id(800),
                    file: File {
                        [salsa id]: Id(0),
                        path: "/Users/sam/work/tardis/target/x86_64-unknown-linux-gnu/debug-test/simple-test",
                        member_file: None,
                        mtime: SystemTime {
                            tv_sec: 1748701984,
                            tv_nsec: 242039158,
                        },
                        size: 3705688,
                    },
                    relocatable: false,
                },
                NameId {
                    path: [
                        "std",
                        "rt",
                        "lang_start",
                        "core",
                        "hint",
                        "core",
                        "alloc",
                        "layout",
                        "{impl#0}",
                        "from_size_align_unchecked",
                    ],
                    name: "precondition_check",
                }: DebugFile {
                    [salsa id]: Id(800),
                    file: File {
                        [salsa id]: Id(0),
                        path: "/Users/sam/work/tardis/target/x86_64-unknown-linux-gnu/debug-test/simple-test",
                        member_file: None,
                        mtime: SystemTime {
                            tv_sec: 1748701984,
                            tv_nsec: 242039158,
                        },
                        size: 3705688,
                    },
                    relocatable: false,
                },
                NameId {
                    path: [
                        "std",
                        "rt",
                        "lang_start",
                        "core",
                        "hint",
                        "core",
                        "alloc",
                        "layout",
                        "{impl#0}",
                        "from_size_align_unchecked",
                        "std",
                        "process",
                        "{impl#59}",
                    ],
                    name: "report",
                }: DebugFile {
                    [salsa id]: Id(800),
                    file: File {
                        [salsa id]: Id(0),
                        path: "/Users/sam/work/tardis/target/x86_64-unknown-linux-gnu/debug-test/simple-test",
                        member_file: None,
                        mtime: SystemTime {
                            tv_sec: 1748701984,
                            tv_nsec: 242039158,
                        },
                        size: 3705688,
                    },
                    relocatable: false,
                },
                NameId {
                    path: [
                        "std",
                        "rt",
                        "lang_start",
                        "core",
                        "hint",
                        "core",
                        "alloc",
                        "layout",
                        "{impl#0}",
                        "from_size_align_unchecked",
                        "std",
                        "process",
                        "{impl#59}",
                        "core",
                        "fmt",
                        "rt",
                        "core",
                        "ptr",
                        "alignment",
                        "simple_test",
                    ],
                    name: "function_call",
                }: DebugFile {
                    [salsa id]: Id(800),
                    file: File {
                        [salsa id]: Id(0),
                        path: "/Users/sam/work/tardis/target/x86_64-unknown-linux-gnu/debug-test/simple-test",
                        member_file: None,
                        mtime: SystemTime {
                            tv_sec: 1748701984,
                            tv_nsec: 242039158,
                        },
                        size: 3705688,
                    },
                    relocatable: false,
                },
                NameId {
                    path: [
                        "std",
                        "rt",
                        "lang_start",
                        "core",
                        "hint",
                        "core",
                        "alloc",
                        "layout",
                        "{impl#0}",
                        "from_size_align_unchecked",
                        "std",
                        "process",
                        "{impl#59}",
                        "core",
                        "fmt",
                        "rt",
                        "core",
                        "ptr",
                        "alignment",
                        "simple_test",
                    ],
                    name: "main",
                }: DebugFile {
                    [salsa id]: Id(800),
                    file: File {
                        [salsa id]: Id(0),
                        path: "/Users/sam/work/tardis/target/x86_64-unknown-linux-gnu/debug-test/simple-test",
                        member_file: None,
                        mtime: SystemTime {
                            tv_sec: 1748701984,
                            tv_nsec: 242039158,
                        },
                        size: 3705688,
                    },
                    relocatable: false,
                },
                NameId {
                    path: [
                        "std",
                        "rt",
                        "lang_start",
                        "core",
                        "hint",
                        "core",
                        "alloc",
                        "layout",
                        "{impl#0}",
                        "from_size_align_unchecked",
                        "std",
                        "process",
                        "{impl#59}",
                        "core",
                        "fmt",
                        "rt",
                        "core",
                        "ptr",
                        "alignment",
                        "simple_test",
                        "core",
                        "fmt",
                        "rt",
                        "alloc",
                        "collections",
                        "btree",
                        "navigate",
                        "LazyLeafRange",
                        "panic_abort",
                    ],
                    name: "__rust_panic_cleanup",
                }: DebugFile {
                    [salsa id]: Id(800),
                    file: File {
                        [salsa id]: Id(0),
                        path: "/Users/sam/work/tardis/target/x86_64-unknown-linux-gnu/debug-test/simple-test",
                        member_file: None,
                        mtime: SystemTime {
                            tv_sec: 1748701984,
                            tv_nsec: 242039158,
                        },
                        size: 3705688,
                    },
                    relocatable: false,
                },
                NameId {
                    path: [
                        "std",
                        "rt",
                        "lang_start",
                        "core",
                        "hint",
                        "core",
                        "alloc",
                        "layout",
                        "{impl#0}",
                        "from_size_align_unchecked",
                        "std",
                        "process",
                        "{impl#59}",
                        "core",
                        "fmt",
                        "rt",
                        "core",
                        "ptr",
                        "alignment",
                        "simple_test",
                        "core",
                        "fmt",
                        "rt",
                        "alloc",
                        "collections",
                        "btree",
                        "navigate",
                        "LazyLeafRange",
                        "panic_abort",
                    ],
                    name: "__rust_start_panic",
                }: DebugFile {
                    [salsa id]: Id(800),
                    file: File {
                        [salsa id]: Id(0),
                        path: "/Users/sam/work/tardis/target/x86_64-unknown-linux-gnu/debug-test/simple-test",
                        member_file: None,
                        mtime: SystemTime {
                            tv_sec: 1748701984,
                            tv_nsec: 242039158,
                        },
                        size: 3705688,
                    },
                    relocatable: false,
                },
                NameId {
                    path: [
                        "std",
                        "rt",
                        "lang_start",
                        "core",
                        "hint",
                        "core",
                        "alloc",
                        "layout",
                        "{impl#0}",
                        "from_size_align_unchecked",
                        "std",
                        "process",
                        "{impl#59}",
                        "core",
                        "fmt",
                        "rt",
                        "core",
                        "ptr",
                        "alignment",
                        "simple_test",
                        "core",
                        "fmt",
                        "rt",
                        "alloc",
                        "collections",
                        "btree",
                        "navigate",
                        "LazyLeafRange",
                        "panic_abort",
                        "__rust_start_panic",
                    ],
                    name: "abort",
                }: DebugFile {
                    [salsa id]: Id(800),
                    file: File {
                        [salsa id]: Id(0),
                        path: "/Users/sam/work/tardis/target/x86_64-unknown-linux-gnu/debug-test/simple-test",
                        member_file: None,
                        mtime: SystemTime {
                            tv_sec: 1748701984,
                            tv_nsec: 242039158,
                        },
                        size: 3705688,
                    },
                    relocatable: false,
                },
                NameId {
                    path: [
                        "std",
                        "rt",
                        "lang_start",
                        "core",
                        "hint",
                        "core",
                        "alloc",
                        "layout",
                        "{impl#0}",
                        "from_size_align_unchecked",
                        "std",
                        "process",
                        "{impl#59}",
                        "core",
                        "fmt",
                        "rt",
                        "core",
                        "ptr",
                        "alignment",
                        "simple_test",
                        "core",
                        "fmt",
                        "rt",
                        "alloc",
                        "collections",
                        "btree",
                        "navigate",
                        "LazyLeafRange",
                        "panic_abort",
                        "__rust_start_panic",
                        "core",
                        "fmt",
                        "{impl#73}",
                    ],
                    name: "fmt<str>",
                }: DebugFile {
                    [salsa id]: Id(800),
                    file: File {
                        [salsa id]: Id(0),
                        path: "/Users/sam/work/tardis/target/x86_64-unknown-linux-gnu/debug-test/simple-test",
                        member_file: None,
                        mtime: SystemTime {
                            tv_sec: 1748701984,
                            tv_nsec: 242039158,
                        },
                        size: 3705688,
                    },
                    relocatable: false,
                },
                NameId {
                    path: [
                        "std",
                        "rt",
                        "lang_start",
                        "core",
                        "hint",
                        "core",
                        "alloc",
                        "layout",
                        "{impl#0}",
                        "from_size_align_unchecked",
                        "std",
                        "process",
                        "{impl#59}",
                        "core",
                        "fmt",
                        "rt",
                        "core",
                        "ptr",
                        "alignment",
                        "simple_test",
                        "core",
                        "fmt",
                        "rt",
                        "alloc",
                        "collections",
                        "btree",
                        "navigate",
                        "LazyLeafRange",
                        "panic_abort",
                        "__rust_start_panic",
                        "core",
                        "fmt",
                        "{impl#73}",
                    ],
                    name: "fmt<u32>",
                }: DebugFile {
                    [salsa id]: Id(800),
                    file: File {
                        [salsa id]: Id(0),
                        path: "/Users/sam/work/tardis/target/x86_64-unknown-linux-gnu/debug-test/simple-test",
                        member_file: None,
                        mtime: SystemTime {
                            tv_sec: 1748701984,
                            tv_nsec: 242039158,
                        },
                        size: 3705688,
                    },
                    relocatable: false,
                },
                NameId {
                    path: [
                        "std",
                        "rt",
                        "lang_start",
                        "core",
                        "hint",
                        "core",
                        "alloc",
                        "layout",
                        "{impl#0}",
                        "from_size_align_unchecked",
                        "std",
                        "process",
                        "{impl#59}",
                        "core",
                        "fmt",
                        "rt",
                        "core",
                        "ptr",
                        "alignment",
                        "simple_test",
                        "core",
                        "fmt",
                        "rt",
                        "alloc",
                        "collections",
                        "btree",
                        "navigate",
                        "LazyLeafRange",
                        "panic_abort",
                        "__rust_start_panic",
                        "core",
                        "fmt",
                        "{impl#73}",
                        "core",
                        "fmt",
                        "{impl#73}",
                    ],
                    name: "fmt<str>",
                }: DebugFile {
                    [salsa id]: Id(800),
                    file: File {
                        [salsa id]: Id(0),
                        path: "/Users/sam/work/tardis/target/x86_64-unknown-linux-gnu/debug-test/simple-test",
                        member_file: None,
                        mtime: SystemTime {
                            tv_sec: 1748701984,
                            tv_nsec: 242039158,
                        },
                        size: 3705688,
                    },
                    relocatable: false,
                },
                NameId {
                    path: [
                        "std",
                        "rt",
                        "lang_start",
                        "core",
                        "hint",
                        "core",
                        "alloc",
                        "layout",
                        "{impl#0}",
                        "from_size_align_unchecked",
                        "std",
                        "process",
                        "{impl#59}",
                        "core",
                        "fmt",
                        "rt",
                        "core",
                        "ptr",
                        "alignment",
                        "simple_test",
                        "core",
                        "fmt",
                        "rt",
                        "alloc",
                        "collections",
                        "btree",
                        "navigate",
                        "LazyLeafRange",
                        "panic_abort",
                        "__rust_start_panic",
                        "core",
                        "fmt",
                        "{impl#73}",
                        "core",
                        "fmt",
                        "{impl#73}",
                    ],
                    name: "fmt<usize>",
                }: DebugFile {
                    [salsa id]: Id(800),
                    file: File {
                        [salsa id]: Id(0),
                        path: "/Users/sam/work/tardis/target/x86_64-unknown-linux-gnu/debug-test/simple-test",
                        member_file: None,
                        mtime: SystemTime {
                            tv_sec: 1748701984,
                            tv_nsec: 242039158,
                        },
                        size: 3705688,
                    },
                    relocatable: false,
                },
                NameId {
                    path: [
                        "std",
                        "rt",
                        "lang_start",
                        "core",
                        "hint",
                        "core",
                        "alloc",
                        "layout",
                        "{impl#0}",
                        "from_size_align_unchecked",
                        "std",
                        "process",
                        "{impl#59}",
                        "core",
                        "fmt",
                        "rt",
                        "core",
                        "ptr",
                        "alignment",
                        "simple_test",
                        "core",
                        "fmt",
                        "rt",
                        "alloc",
                        "collections",
                        "btree",
                        "navigate",
                        "LazyLeafRange",
                        "panic_abort",
                        "__rust_start_panic",
                        "core",
                        "fmt",
                        "{impl#73}",
                        "core",
                        "fmt",
                        "{impl#73}",
                    ],
                    name: "fmt<core::option::Option<usize>>",
                }: DebugFile {
                    [salsa id]: Id(800),
                    file: File {
                        [salsa id]: Id(0),
                        path: "/Users/sam/work/tardis/target/x86_64-unknown-linux-gnu/debug-test/simple-test",
                        member_file: None,
                        mtime: SystemTime {
                            tv_sec: 1748701984,
                            tv_nsec: 242039158,
                        },
                        size: 3705688,
                    },
                    relocatable: false,
                },
                NameId {
                    path: [
                        "std",
                        "rt",
                        "lang_start",
                        "core",
                        "hint",
                        "core",
                        "alloc",
                        "layout",
                        "{impl#0}",
                        "from_size_align_unchecked",
                        "std",
                        "process",
                        "{impl#59}",
                        "core",
                        "fmt",
                        "rt",
                        "core",
                        "ptr",
                        "alignment",
                        "simple_test",
                        "core",
                        "fmt",
                        "rt",
                        "alloc",
                        "collections",
                        "btree",
                        "navigate",
                        "LazyLeafRange",
                        "panic_abort",
                        "__rust_start_panic",
                        "core",
                        "fmt",
                        "{impl#73}",
                        "core",
                        "fmt",
                        "{impl#73}",
                        "core",
                        "num",
                        "dec2flt",
                        "decimal_seq",
                        "DecimalSeq",
                    ],
                    name: "left_shift",
                }: DebugFile {
                    [salsa id]: Id(800),
                    file: File {
                        [salsa id]: Id(0),
                        path: "/Users/sam/work/tardis/target/x86_64-unknown-linux-gnu/debug-test/simple-test",
                        member_file: None,
                        mtime: SystemTime {
                            tv_sec: 1748701984,
                            tv_nsec: 242039158,
                        },
                        size: 3705688,
                    },
                    relocatable: false,
                },
                NameId {
                    path: [
                        "std",
                        "rt",
                        "lang_start",
                        "core",
                        "hint",
                        "core",
                        "alloc",
                        "layout",
                        "{impl#0}",
                        "from_size_align_unchecked",
                        "std",
                        "process",
                        "{impl#59}",
                        "core",
                        "fmt",
                        "rt",
                        "core",
                        "ptr",
                        "alignment",
                        "simple_test",
                        "core",
                        "fmt",
                        "rt",
                        "alloc",
                        "collections",
                        "btree",
                        "navigate",
                        "LazyLeafRange",
                        "panic_abort",
                        "__rust_start_panic",
                        "core",
                        "fmt",
                        "{impl#73}",
                        "core",
                        "fmt",
                        "{impl#73}",
                        "core",
                        "num",
                        "dec2flt",
                        "decimal_seq",
                        "DecimalSeq",
                    ],
                    name: "right_shift",
                }: DebugFile {
                    [salsa id]: Id(800),
                    file: File {
                        [salsa id]: Id(0),
                        path: "/Users/sam/work/tardis/target/x86_64-unknown-linux-gnu/debug-test/simple-test",
                        member_file: None,
                        mtime: SystemTime {
                            tv_sec: 1748701984,
                            tv_nsec: 242039158,
                        },
                        size: 3705688,
                    },
                    relocatable: false,
                },
                NameId {
                    path: [
                        "std",
                        "rt",
                        "lang_start",
                        "core",
                        "hint",
                        "core",
                        "alloc",
                        "layout",
                        "{impl#0}",
                        "from_size_align_unchecked",
                        "std",
                        "process",
                        "{impl#59}",
                        "core",
                        "fmt",
                        "rt",
                        "core",
                        "ptr",
                        "alignment",
                        "simple_test",
                        "core",
                        "fmt",
                        "rt",
                        "alloc",
                        "collections",
                        "btree",
                        "navigate",
                        "LazyLeafRange",
                        "panic_abort",
                        "__rust_start_panic",
                        "core",
                        "fmt",
                        "{impl#73}",
                        "core",
                        "fmt",
                        "{impl#73}",
                        "core",
                        "num",
                        "dec2flt",
                        "decimal_seq",
                        "DecimalSeq",
                        "compiler_builtins",
                        "int",
                        "udiv",
                        "__udivti3",
                    ],
                    name: "__udivti3",
                }: DebugFile {
                    [salsa id]: Id(800),
                    file: File {
                        [salsa id]: Id(0),
                        path: "/Users/sam/work/tardis/target/x86_64-unknown-linux-gnu/debug-test/simple-test",
                        member_file: None,
                        mtime: SystemTime {
                            tv_sec: 1748701984,
                            tv_nsec: 242039158,
                        },
                        size: 3705688,
                    },
                    relocatable: false,
                },
            },
            source_to_file: {},
            base_address: {},
            address_info: AddressTree {
                root: None,
            },
        },
    },
}
