---
source: src/tests.rs
expression: addrs
snapshot_kind: text
---
ResolvedAddress {
    address: "0x1000009d4",
}
