---
source: src/tests.rs
expression: addrs
snapshot_kind: text
---
ResolvedAddress {
    address: "0x7ab8",
}
