---
source: crates/rust_debug_info/src/tests.rs
expression: "resolver.resolve_function(\"function_call\").unwrap()"
snapshot_kind: text
---
ResolvedAddress {
    address: "0x1000009d4",
}
